[INFO] Scanning for projects...
[INFO] 
[INFO] --------------------< com.phong.it:e-commerce-api >---------------------
[INFO] Building e-commerce-api 1.0.0-SNAPSHOT
[INFO]   from pom.xml
[INFO] --------------------------------[ jar ]---------------------------------
[INFO] 
[INFO] --- resources:3.4.0:resources (default-resources) @ e-commerce-api ---
[INFO] Copying 2 resources from src\main\resources to target\classes
[INFO] 
[INFO] --- quarkus:3.35.2:generate-code (default) @ e-commerce-api ---
[INFO] 
[INFO] --- compiler:3.13.0:compile (default-compile) @ e-commerce-api ---
[INFO] Recompiling the module because of changed source code.
[INFO] Compiling 83 source files with javac [debug parameters release 21] to target\classes
[INFO] -------------------------------------------------------------
[ERROR] COMPILATION ERROR : 
[INFO] -------------------------------------------------------------
[ERROR] /E:/Project/e-commerce/e-commerce-api/src/main/java/com/phong/it/dto/request/OrderRequestDTO.java:[5,27] cannot access com.phong.it.entity.PaymentMethod
  bad source file: E:\Project\e-commerce\e-commerce-api\src\main\java\com\phong\it\entity\PaymentMethod.java
    file does not contain class com.phong.it.entity.PaymentMethod
    Please remove or make sure it appears in the correct subdirectory of the sourcepath.
[ERROR] /E:/Project/e-commerce/e-commerce-api/src/main/java/com/phong/it/dto/request/StockMovementRequestDTO.java:[3,27] cannot access com.phong.it.entity.MovementType
  bad source file: E:\Project\e-commerce\e-commerce-api\src\main\java\com\phong\it\entity\MovementType.java
    file does not contain class com.phong.it.entity.MovementType
    Please remove or make sure it appears in the correct subdirectory of the sourcepath.
[ERROR] /E:/Project/e-commerce/e-commerce-api/src/main/java/com/phong/it/dto/response/OrderResponseDTO.java:[7,27] cannot access com.phong.it.entity.OrderStatus
  bad source file: E:\Project\e-commerce\e-commerce-api\src\main\java\com\phong\it\entity\OrderStatus.java
    file does not contain class com.phong.it.entity.OrderStatus
    Please remove or make sure it appears in the correct subdirectory of the sourcepath.
[ERROR] /E:/Project/e-commerce/e-commerce-api/src/main/java/com/phong/it/dto/response/PaymentResponseDTO.java:[5,27] cannot access com.phong.it.entity.PaymentStatus
  bad source file: E:\Project\e-commerce\e-commerce-api\src\main\java\com\phong\it\entity\PaymentStatus.java
    file does not contain class com.phong.it.entity.PaymentStatus
    Please remove or make sure it appears in the correct subdirectory of the sourcepath.
[ERROR] /E:/Project/e-commerce/e-commerce-api/src/main/java/com/phong/it/mapper/AddressMapper.java:[9,27] cannot access com.phong.it.entity.Address
  bad source file: E:\Project\e-commerce\e-commerce-api\src\main\java\com\phong\it\entity\Address.java
    file does not contain class com.phong.it.entity.Address
    Please remove or make sure it appears in the correct subdirectory of the sourcepath.
[ERROR] /E:/Project/e-commerce/e-commerce-api/src/main/java/com/phong/it/mapper/CartItemMapper.java:[8,27] cannot access com.phong.it.entity.CartItem
  bad source file: E:\Project\e-commerce\e-commerce-api\src\main\java\com\phong\it\entity\CartItem.java
    file does not contain class com.phong.it.entity.CartItem
    Please remove or make sure it appears in the correct subdirectory of the sourcepath.
[ERROR] /E:/Project/e-commerce/e-commerce-api/src/main/java/com/phong/it/mapper/CartMapper.java:[8,27] cannot access com.phong.it.entity.Cart
  bad source file: E:\Project\e-commerce\e-commerce-api\src\main\java\com\phong\it\entity\Cart.java
    file does not contain class com.phong.it.entity.Cart
    Please remove or make sure it appears in the correct subdirectory of the sourcepath.
[ERROR] /E:/Project/e-commerce/e-commerce-api/src/main/java/com/phong/it/mapper/CategoryMapper.java:[13,27] cannot access com.phong.it.entity.Category
  bad source file: E:\Project\e-commerce\e-commerce-api\src\main\java\com\phong\it\entity\Category.java
    file does not contain class com.phong.it.entity.Category
    Please remove or make sure it appears in the correct subdirectory of the sourcepath.
[ERROR] /E:/Project/e-commerce/e-commerce-api/src/main/java/com/phong/it/mapper/CouponMapper.java:[9,27] cannot access com.phong.it.entity.Coupon
  bad source file: E:\Project\e-commerce\e-commerce-api\src\main\java\com\phong\it\entity\Coupon.java
    file does not contain class com.phong.it.entity.Coupon
    Please remove or make sure it appears in the correct subdirectory of the sourcepath.
[ERROR] /E:/Project/e-commerce/e-commerce-api/src/main/java/com/phong/it/mapper/OrderItemMapper.java:[9,27] cannot access com.phong.it.entity.OrderItem
  bad source file: E:\Project\e-commerce\e-commerce-api\src\main\java\com\phong\it\entity\OrderItem.java
    file does not contain class com.phong.it.entity.OrderItem
    Please remove or make sure it appears in the correct subdirectory of the sourcepath.
[ERROR] /E:/Project/e-commerce/e-commerce-api/src/main/java/com/phong/it/mapper/OrderMapper.java:[9,27] cannot access com.phong.it.entity.Order
  bad source file: E:\Project\e-commerce\e-commerce-api\src\main\java\com\phong\it\entity\Order.java
    file does not contain class com.phong.it.entity.Order
    Please remove or make sure it appears in the correct subdirectory of the sourcepath.
[ERROR] /E:/Project/e-commerce/e-commerce-api/src/main/java/com/phong/it/mapper/PaymentMapper.java:[9,27] cannot access com.phong.it.entity.Payment
  bad source file: E:\Project\e-commerce\e-commerce-api\src\main\java\com\phong\it\entity\Payment.java
    file does not contain class com.phong.it.entity.Payment
    Please remove or make sure it appears in the correct subdirectory of the sourcepath.
[ERROR] /E:/Project/e-commerce/e-commerce-api/src/main/java/com/phong/it/mapper/ProductImageMapper.java:[8,27] cannot access com.phong.it.entity.ProductImage
  bad source file: E:\Project\e-commerce\e-commerce-api\src\main\java\com\phong\it\entity\ProductImage.java
    file does not contain class com.phong.it.entity.ProductImage
    Please remove or make sure it appears in the correct subdirectory of the sourcepath.
[ERROR] /E:/Project/e-commerce/e-commerce-api/src/main/java/com/phong/it/mapper/ProductMapper.java:[9,27] cannot access com.phong.it.entity.Product
  bad source file: E:\Project\e-commerce\e-commerce-api\src\main\java\com\phong\it\entity\Product.java
    file does not contain class com.phong.it.entity.Product
    Please remove or make sure it appears in the correct subdirectory of the sourcepath.
[ERROR] /E:/Project/e-commerce/e-commerce-api/src/main/java/com/phong/it/mapper/ProductVariantMapper.java:[8,27] cannot access com.phong.it.entity.ProductVariant
  bad source file: E:\Project\e-commerce\e-commerce-api\src\main\java\com\phong\it\entity\ProductVariant.java
    file does not contain class com.phong.it.entity.ProductVariant
    Please remove or make sure it appears in the correct subdirectory of the sourcepath.
[ERROR] /E:/Project/e-commerce/e-commerce-api/src/main/java/com/phong/it/mapper/RefreshTokenMapper.java:[9,27] cannot access com.phong.it.entity.RefreshToken
  bad source file: E:\Project\e-commerce\e-commerce-api\src\main\java\com\phong\it\entity\RefreshToken.java
    file does not contain class com.phong.it.entity.RefreshToken
    Please remove or make sure it appears in the correct subdirectory of the sourcepath.
[ERROR] /E:/Project/e-commerce/e-commerce-api/src/main/java/com/phong/it/mapper/ReviewMapper.java:[9,27] cannot access com.phong.it.entity.Review
  bad source file: E:\Project\e-commerce\e-commerce-api\src\main\java\com\phong\it\entity\Review.java
    file does not contain class com.phong.it.entity.Review
    Please remove or make sure it appears in the correct subdirectory of the sourcepath.
[ERROR] /E:/Project/e-commerce/e-commerce-api/src/main/java/com/phong/it/mapper/RoleMapper.java:[8,27] cannot access com.phong.it.entity.Role
  bad source file: E:\Project\e-commerce\e-commerce-api\src\main\java\com\phong\it\entity\Role.java
    file does not contain class com.phong.it.entity.Role
    Please remove or make sure it appears in the correct subdirectory of the sourcepath.
[ERROR] /E:/Project/e-commerce/e-commerce-api/src/main/java/com/phong/it/mapper/StockMovementMapper.java:[9,27] cannot access com.phong.it.entity.StockMovement
  bad source file: E:\Project\e-commerce\e-commerce-api\src\main\java\com\phong\it\entity\StockMovement.java
    file does not contain class com.phong.it.entity.StockMovement
    Please remove or make sure it appears in the correct subdirectory of the sourcepath.
[ERROR] /E:/Project/e-commerce/e-commerce-api/src/main/java/com/phong/it/mapper/SupplierMapper.java:[9,27] cannot access com.phong.it.entity.Supplier
  bad source file: E:\Project\e-commerce\e-commerce-api\src\main\java\com\phong\it\entity\Supplier.java
    file does not contain class com.phong.it.entity.Supplier
    Please remove or make sure it appears in the correct subdirectory of the sourcepath.
[ERROR] /E:/Project/e-commerce/e-commerce-api/src/main/java/com/phong/it/mapper/UserMapper.java:[9,27] cannot access com.phong.it.entity.User
  bad source file: E:\Project\e-commerce\e-commerce-api\src\main\java\com\phong\it\entity\User.java
    file does not contain class com.phong.it.entity.User
    Please remove or make sure it appears in the correct subdirectory of the sourcepath.
[ERROR] /E:/Project/e-commerce/e-commerce-api/src/main/java/com/phong/it/mapper/WishlistMapper.java:[9,27] cannot access com.phong.it.entity.Wishlist
  bad source file: E:\Project\e-commerce\e-commerce-api\src\main\java\com\phong\it\entity\Wishlist.java
    file does not contain class com.phong.it.entity.Wishlist
    Please remove or make sure it appears in the correct subdirectory of the sourcepath.
[ERROR] /E:/Project/e-commerce/e-commerce-api/src/main/java/com/phong/it/dto/request/OrderRequestDTO.java:[36,5] cannot find symbol
  symbol:   class PaymentMethod
  location: class com.phong.it.dto.request.OrderRequestDTO
[ERROR] /E:/Project/e-commerce/e-commerce-api/src/main/java/com/phong/it/dto/request/StockMovementRequestDTO.java:[14,5] cannot find symbol
  symbol:   class MovementType
  location: class com.phong.it.dto.request.StockMovementRequestDTO
[ERROR] /E:/Project/e-commerce/e-commerce-api/src/main/java/com/phong/it/dto/response/OrderResponseDTO.java:[13,5] cannot find symbol
  symbol:   class OrderStatus
  location: class com.phong.it.dto.response.OrderResponseDTO
[ERROR] /E:/Project/e-commerce/e-commerce-api/src/main/java/com/phong/it/dto/response/OrderResponseDTO.java:[23,5] cannot find symbol
  symbol:   class PaymentMethod
  location: class com.phong.it.dto.response.OrderResponseDTO
[ERROR] /E:/Project/e-commerce/e-commerce-api/src/main/java/com/phong/it/dto/response/PaymentResponseDTO.java:[13,5] cannot find symbol
  symbol:   class PaymentStatus
  location: class com.phong.it.dto.response.PaymentResponseDTO
[ERROR] /E:/Project/e-commerce/e-commerce-api/src/main/java/com/phong/it/dto/response/StockMovementResponseDTO.java:[11,5] cannot find symbol
  symbol:   class MovementType
  location: class com.phong.it.dto.response.StockMovementResponseDTO
[ERROR] /E:/Project/e-commerce/e-commerce-api/src/main/java/com/phong/it/mapper/AddressMapper.java:[15,30] cannot find symbol
  symbol:   class Address
  location: interface com.phong.it.mapper.AddressMapper
[ERROR] /E:/Project/e-commerce/e-commerce-api/src/main/java/com/phong/it/mapper/AddressMapper.java:[19,5] cannot find symbol
  symbol:   class Address
  location: interface com.phong.it.mapper.AddressMapper
[ERROR] /E:/Project/e-commerce/e-commerce-api/src/main/java/com/phong/it/mapper/CartItemMapper.java:[18,31] cannot find symbol
  symbol:   class CartItem
  location: interface com.phong.it.mapper.CartItemMapper
[ERROR] /E:/Project/e-commerce/e-commerce-api/src/main/java/com/phong/it/mapper/CartMapper.java:[18,27] cannot find symbol
  symbol:   class Cart
  location: interface com.phong.it.mapper.CartMapper
[ERROR] /E:/Project/e-commerce/e-commerce-api/src/main/java/com/phong/it/mapper/CategoryMapper.java:[21,31] cannot find symbol
  symbol:   class Category
  location: interface com.phong.it.mapper.CategoryMapper
[ERROR] /E:/Project/e-commerce/e-commerce-api/src/main/java/com/phong/it/mapper/CategoryMapper.java:[27,5] cannot find symbol
  symbol:   class Category
  location: interface com.phong.it.mapper.CategoryMapper
[ERROR] /E:/Project/e-commerce/e-commerce-api/src/main/java/com/phong/it/mapper/CategoryMapper.java:[30,41] cannot find symbol
  symbol:   class Category
  location: interface com.phong.it.mapper.CategoryMapper
[ERROR] /E:/Project/e-commerce/e-commerce-api/src/main/java/com/phong/it/mapper/CouponMapper.java:[14,29] cannot find symbol
  symbol:   class Coupon
  location: interface com.phong.it.mapper.CouponMapper
[ERROR] /E:/Project/e-commerce/e-commerce-api/src/main/java/com/phong/it/mapper/CouponMapper.java:[18,5] cannot find symbol
  symbol:   class Coupon
  location: interface com.phong.it.mapper.CouponMapper
[ERROR] /E:/Project/e-commerce/e-commerce-api/src/main/java/com/phong/it/mapper/OrderItemMapper.java:[17,40] cannot find symbol
  symbol:   class OrderItem
  location: interface com.phong.it.mapper.OrderItemMapper
[ERROR] /E:/Project/e-commerce/e-commerce-api/src/main/java/com/phong/it/mapper/OrderItemMapper.java:[20,5] cannot find symbol
  symbol:   class OrderItem
  location: interface com.phong.it.mapper.OrderItemMapper
[ERROR] /E:/Project/e-commerce/e-commerce-api/src/main/java/com/phong/it/mapper/OrderMapper.java:[19,36] cannot find symbol
  symbol:   class Order
  location: interface com.phong.it.mapper.OrderMapper
[ERROR] /E:/Project/e-commerce/e-commerce-api/src/main/java/com/phong/it/mapper/OrderMapper.java:[22,5] cannot find symbol
  symbol:   class Order
  location: interface com.phong.it.mapper.OrderMapper
[ERROR] /E:/Project/e-commerce/e-commerce-api/src/main/java/com/phong/it/mapper/PaymentMapper.java:[15,30] cannot find symbol
  symbol:   class Payment
  location: interface com.phong.it.mapper.PaymentMapper
[ERROR] /E:/Project/e-commerce/e-commerce-api/src/main/java/com/phong/it/mapper/PaymentMapper.java:[20,5] cannot find symbol
  symbol:   class Payment
  location: interface com.phong.it.mapper.PaymentMapper
[ERROR] /E:/Project/e-commerce/e-commerce-api/src/main/java/com/phong/it/mapper/ProductImageMapper.java:[14,43] cannot find symbol
  symbol:   class ProductImage
  location: interface com.phong.it.mapper.ProductImageMapper
[ERROR] /E:/Project/e-commerce/e-commerce-api/src/main/java/com/phong/it/mapper/ProductMapper.java:[22,38] cannot find symbol
  symbol:   class Product
  location: interface com.phong.it.mapper.ProductMapper
[ERROR] /E:/Project/e-commerce/e-commerce-api/src/main/java/com/phong/it/mapper/ProductMapper.java:[26,5] cannot find symbol
  symbol:   class Product
  location: interface com.phong.it.mapper.ProductMapper
[ERROR] /E:/Project/e-commerce/e-commerce-api/src/main/java/com/phong/it/mapper/ProductVariantMapper.java:[14,45] cannot find symbol
  symbol:   class ProductVariant
  location: interface com.phong.it.mapper.ProductVariantMapper
[ERROR] /E:/Project/e-commerce/e-commerce-api/src/main/java/com/phong/it/mapper/RefreshTokenMapper.java:[14,36] cannot find symbol
  symbol:   class RefreshToken
  location: interface com.phong.it.mapper.RefreshTokenMapper
[ERROR] /E:/Project/e-commerce/e-commerce-api/src/main/java/com/phong/it/mapper/RefreshTokenMapper.java:[18,5] cannot find symbol
  symbol:   class RefreshToken
  location: interface com.phong.it.mapper.RefreshTokenMapper
[ERROR] /E:/Project/e-commerce/e-commerce-api/src/main/java/com/phong/it/mapper/ReviewMapper.java:[16,37] cannot find symbol
  symbol:   class Review
  location: interface com.phong.it.mapper.ReviewMapper
[ERROR] /E:/Project/e-commerce/e-commerce-api/src/main/java/com/phong/it/mapper/ReviewMapper.java:[19,5] cannot find symbol
  symbol:   class Review
  location: interface com.phong.it.mapper.ReviewMapper
[ERROR] /E:/Project/e-commerce/e-commerce-api/src/main/java/com/phong/it/mapper/RoleMapper.java:[13,35] cannot find symbol
  symbol:   class Role
  location: interface com.phong.it.mapper.RoleMapper
[ERROR] /E:/Project/e-commerce/e-commerce-api/src/main/java/com/phong/it/mapper/RoleMapper.java:[15,5] cannot find symbol
  symbol:   class Role
  location: interface com.phong.it.mapper.RoleMapper
[ERROR] /E:/Project/e-commerce/e-commerce-api/src/main/java/com/phong/it/mapper/StockMovementMapper.java:[16,36] cannot find symbol
  symbol:   class StockMovement
  location: interface com.phong.it.mapper.StockMovementMapper
[ERROR] /E:/Project/e-commerce/e-commerce-api/src/main/java/com/phong/it/mapper/StockMovementMapper.java:[21,5] cannot find symbol
  symbol:   class StockMovement
  location: interface com.phong.it.mapper.StockMovementMapper
[ERROR] /E:/Project/e-commerce/e-commerce-api/src/main/java/com/phong/it/mapper/SupplierMapper.java:[14,31] cannot find symbol
  symbol:   class Supplier
  location: interface com.phong.it.mapper.SupplierMapper
[ERROR] /E:/Project/e-commerce/e-commerce-api/src/main/java/com/phong/it/mapper/SupplierMapper.java:[18,5] cannot find symbol
  symbol:   class Supplier
  location: interface com.phong.it.mapper.SupplierMapper
[ERROR] /E:/Project/e-commerce/e-commerce-api/src/main/java/com/phong/it/mapper/UserMapper.java:[15,35] cannot find symbol
  symbol:   class User
  location: interface com.phong.it.mapper.UserMapper
[ERROR] /E:/Project/e-commerce/e-commerce-api/src/main/java/com/phong/it/mapper/UserMapper.java:[19,5] cannot find symbol
  symbol:   class User
  location: interface com.phong.it.mapper.UserMapper
[ERROR] /E:/Project/e-commerce/e-commerce-api/src/main/java/com/phong/it/mapper/UserMapper.java:[22,36] cannot find symbol
  symbol:   class Role
  location: interface com.phong.it.mapper.UserMapper
[ERROR] /E:/Project/e-commerce/e-commerce-api/src/main/java/com/phong/it/mapper/WishlistMapper.java:[18,39] cannot find symbol
  symbol:   class Wishlist
  location: interface com.phong.it.mapper.WishlistMapper
[ERROR] /E:/Project/e-commerce/e-commerce-api/src/main/java/com/phong/it/mapper/WishlistMapper.java:[23,5] cannot find symbol
  symbol:   class Wishlist
  location: interface com.phong.it.mapper.WishlistMapper
[ERROR] /E:/Project/e-commerce/e-commerce-api/src/main/java/com/phong/it/repository/RoleRepository.java:[8,58] cannot find symbol
  symbol: class Role
[ERROR] /E:/Project/e-commerce/e-commerce-api/src/main/java/com/phong/it/repository/RoleRepository.java:[10,12] cannot find symbol
  symbol:   class Role
  location: class com.phong.it.repository.RoleRepository
[ERROR] /E:/Project/e-commerce/e-commerce-api/src/main/java/com/phong/it/repository/UserRepository.java:[11,58] cannot find symbol
  symbol: class User
[ERROR] /E:/Project/e-commerce/e-commerce-api/src/main/java/com/phong/it/repository/UserRepository.java:[14,12] cannot find symbol
  symbol:   class User
  location: class com.phong.it.repository.UserRepository
[ERROR] /E:/Project/e-commerce/e-commerce-api/src/main/java/com/phong/it/repository/UserRepository.java:[19,12] cannot find symbol
  symbol:   class User
  location: class com.phong.it.repository.UserRepository
[ERROR] /E:/Project/e-commerce/e-commerce-api/src/main/java/com/phong/it/mapper/CategoryMapper.java:[35,22] cannot find symbol
  symbol:   variable Category
  location: interface com.phong.it.mapper.CategoryMapper
[ERROR] /E:/Project/e-commerce/e-commerce-api/src/main/java/com/phong/it/repository/RoleRepository.java:[8,8] types io.quarkus.hibernate.orm.panache.PanacheRepositoryBase<Entity,Id> and io.quarkus.hibernate.orm.panache.PanacheRepositoryBase<Entity,Id> are incompatible;
  class com.phong.it.repository.RoleRepository inherits unrelated defaults for persist(java.util.stream.Stream<Role>) from types io.quarkus.hibernate.orm.panache.PanacheRepositoryBase and io.quarkus.hibernate.orm.panache.PanacheRepositoryBase
[ERROR] /E:/Project/e-commerce/e-commerce-api/src/main/java/com/phong/it/repository/UserRepository.java:[11,8] types io.quarkus.hibernate.orm.panache.PanacheRepositoryBase<Entity,Id> and io.quarkus.hibernate.orm.panache.PanacheRepositoryBase<Entity,Id> are incompatible;
  class com.phong.it.repository.UserRepository inherits unrelated defaults for persist(java.util.stream.Stream<User>) from types io.quarkus.hibernate.orm.panache.PanacheRepositoryBase and io.quarkus.hibernate.orm.panache.PanacheRepositoryBase
[ERROR] /E:/Project/e-commerce/e-commerce-api/src/main/java/com/phong/it/service/impl/RoleServiceImpl.java:[36,9] cannot find symbol
  symbol:   class Role
  location: class com.phong.it.service.impl.RoleServiceImpl
[ERROR] /E:/Project/e-commerce/e-commerce-api/src/main/java/com/phong/it/service/impl/RoleServiceImpl.java:[46,25] incompatible types: inference variable T has incompatible bounds
    equality constraints: com.phong.it.dto.response.RoleResponseDTO
    lower bounds: java.lang.Object
[ERROR] /E:/Project/e-commerce/e-commerce-api/src/main/java/com/phong/it/service/impl/RoleServiceImpl.java:[51,9] cannot find symbol
  symbol:   class Role
  location: class com.phong.it.service.impl.RoleServiceImpl
[ERROR] /E:/Project/e-commerce/e-commerce-api/src/main/java/com/phong/it/service/impl/RoleServiceImpl.java:[59,9] cannot find symbol
  symbol:   class Role
  location: class com.phong.it.service.impl.RoleServiceImpl
[ERROR] /E:/Project/e-commerce/e-commerce-api/src/main/java/com/phong/it/service/impl/RoleServiceImpl.java:[77,9] cannot find symbol
  symbol:   class Role
  location: class com.phong.it.service.impl.RoleServiceImpl
[ERROR] /E:/Project/e-commerce/e-commerce-api/src/main/java/com/phong/it/service/impl/UserServiceImpl.java:[38,22] cannot find symbol
  symbol:   class User
  location: class com.phong.it.service.impl.UserServiceImpl
[ERROR] /E:/Project/e-commerce/e-commerce-api/src/main/java/com/phong/it/service/impl/UserServiceImpl.java:[41,25] incompatible types: inference variable T has incompatible bounds
    equality constraints: com.phong.it.dto.response.UserResponseDTO
    lower bounds: java.lang.Object
[ERROR] /E:/Project/e-commerce/e-commerce-api/src/main/java/com/phong/it/service/impl/UserServiceImpl.java:[46,9] cannot find symbol
  symbol:   class User
  location: class com.phong.it.service.impl.UserServiceImpl
[ERROR] /E:/Project/e-commerce/e-commerce-api/src/main/java/com/phong/it/service/impl/UserServiceImpl.java:[70,9] cannot find symbol
  symbol:   class User
  location: class com.phong.it.service.impl.UserServiceImpl
[ERROR] /E:/Project/e-commerce/e-commerce-api/src/main/java/com/phong/it/service/impl/UserServiceImpl.java:[76,9] cannot find symbol
  symbol:   class Role
  location: class com.phong.it.service.impl.UserServiceImpl
[ERROR] /E:/Project/e-commerce/e-commerce-api/src/main/java/com/phong/it/service/impl/UserServiceImpl.java:[84,9] cannot find symbol
  symbol:   class Cart
  location: class com.phong.it.service.impl.UserServiceImpl
[ERROR] /E:/Project/e-commerce/e-commerce-api/src/main/java/com/phong/it/service/impl/UserServiceImpl.java:[84,25] cannot find symbol
  symbol:   class Cart
  location: class com.phong.it.service.impl.UserServiceImpl
[ERROR] /E:/Project/e-commerce/e-commerce-api/src/main/java/com/phong/it/service/impl/UserServiceImpl.java:[97,9] cannot find symbol
  symbol:   class User
  location: class com.phong.it.service.impl.UserServiceImpl
[ERROR] /E:/Project/e-commerce/e-commerce-api/src/main/java/com/phong/it/service/impl/UserServiceImpl.java:[134,9] cannot find symbol
  symbol:   class User
  location: class com.phong.it.service.impl.UserServiceImpl
[INFO] 84 errors 
[INFO] -------------------------------------------------------------
[INFO] ------------------------------------------------------------------------
[INFO] BUILD FAILURE
[INFO] ------------------------------------------------------------------------
[INFO] Total time:  4.328 s
[INFO] Finished at: 2026-05-11T20:26:56+07:00
[INFO] ------------------------------------------------------------------------
[ERROR] Failed to execute goal org.apache.maven.plugins:maven-compiler-plugin:3.13.0:compile (default-compile) on project e-commerce-api: Compilation failure: Compilation failure: 
[ERROR] /E:/Project/e-commerce/e-commerce-api/src/main/java/com/phong/it/dto/request/OrderRequestDTO.java:[5,27] cannot access com.phong.it.entity.PaymentMethod
[ERROR]   bad source file: E:\Project\e-commerce\e-commerce-api\src\main\java\com\phong\it\entity\PaymentMethod.java
[ERROR]     file does not contain class com.phong.it.entity.PaymentMethod
[ERROR]     Please remove or make sure it appears in the correct subdirectory of the sourcepath.
[ERROR] /E:/Project/e-commerce/e-commerce-api/src/main/java/com/phong/it/dto/request/StockMovementRequestDTO.java:[3,27] cannot access com.phong.it.entity.MovementType
[ERROR]   bad source file: E:\Project\e-commerce\e-commerce-api\src\main\java\com\phong\it\entity\MovementType.java
[ERROR]     file does not contain class com.phong.it.entity.MovementType
[ERROR]     Please remove or make sure it appears in the correct subdirectory of the sourcepath.
[ERROR] /E:/Project/e-commerce/e-commerce-api/src/main/java/com/phong/it/dto/response/OrderResponseDTO.java:[7,27] cannot access com.phong.it.entity.OrderStatus
[ERROR]   bad source file: E:\Project\e-commerce\e-commerce-api\src\main\java\com\phong\it\entity\OrderStatus.java
[ERROR]     file does not contain class com.phong.it.entity.OrderStatus
[ERROR]     Please remove or make sure it appears in the correct subdirectory of the sourcepath.
[ERROR] /E:/Project/e-commerce/e-commerce-api/src/main/java/com/phong/it/dto/response/PaymentResponseDTO.java:[5,27] cannot access com.phong.it.entity.PaymentStatus
[ERROR]   bad source file: E:\Project\e-commerce\e-commerce-api\src\main\java\com\phong\it\entity\PaymentStatus.java
[ERROR]     file does not contain class com.phong.it.entity.PaymentStatus
[ERROR]     Please remove or make sure it appears in the correct subdirectory of the sourcepath.
[ERROR] /E:/Project/e-commerce/e-commerce-api/src/main/java/com/phong/it/mapper/AddressMapper.java:[9,27] cannot access com.phong.it.entity.Address
[ERROR]   bad source file: E:\Project\e-commerce\e-commerce-api\src\main\java\com\phong\it\entity\Address.java
[ERROR]     file does not contain class com.phong.it.entity.Address
[ERROR]     Please remove or make sure it appears in the correct subdirectory of the sourcepath.
[ERROR] /E:/Project/e-commerce/e-commerce-api/src/main/java/com/phong/it/mapper/CartItemMapper.java:[8,27] cannot access com.phong.it.entity.CartItem
[ERROR]   bad source file: E:\Project\e-commerce\e-commerce-api\src\main\java\com\phong\it\entity\CartItem.java
[ERROR]     file does not contain class com.phong.it.entity.CartItem
[ERROR]     Please remove or make sure it appears in the correct subdirectory of the sourcepath.
[ERROR] /E:/Project/e-commerce/e-commerce-api/src/main/java/com/phong/it/mapper/CartMapper.java:[8,27] cannot access com.phong.it.entity.Cart
[ERROR]   bad source file: E:\Project\e-commerce\e-commerce-api\src\main\java\com\phong\it\entity\Cart.java
[ERROR]     file does not contain class com.phong.it.entity.Cart
[ERROR]     Please remove or make sure it appears in the correct subdirectory of the sourcepath.
[ERROR] /E:/Project/e-commerce/e-commerce-api/src/main/java/com/phong/it/mapper/CategoryMapper.java:[13,27] cannot access com.phong.it.entity.Category
[ERROR]   bad source file: E:\Project\e-commerce\e-commerce-api\src\main\java\com\phong\it\entity\Category.java
[ERROR]     file does not contain class com.phong.it.entity.Category
[ERROR]     Please remove or make sure it appears in the correct subdirectory of the sourcepath.
[ERROR] /E:/Project/e-commerce/e-commerce-api/src/main/java/com/phong/it/mapper/CouponMapper.java:[9,27] cannot access com.phong.it.entity.Coupon
[ERROR]   bad source file: E:\Project\e-commerce\e-commerce-api\src\main\java\com\phong\it\entity\Coupon.java
[ERROR]     file does not contain class com.phong.it.entity.Coupon
[ERROR]     Please remove or make sure it appears in the correct subdirectory of the sourcepath.
[ERROR] /E:/Project/e-commerce/e-commerce-api/src/main/java/com/phong/it/mapper/OrderItemMapper.java:[9,27] cannot access com.phong.it.entity.OrderItem
[ERROR]   bad source file: E:\Project\e-commerce\e-commerce-api\src\main\java\com\phong\it\entity\OrderItem.java
[ERROR]     file does not contain class com.phong.it.entity.OrderItem
[ERROR]     Please remove or make sure it appears in the correct subdirectory of the sourcepath.
[ERROR] /E:/Project/e-commerce/e-commerce-api/src/main/java/com/phong/it/mapper/OrderMapper.java:[9,27] cannot access com.phong.it.entity.Order
[ERROR]   bad source file: E:\Project\e-commerce\e-commerce-api\src\main\java\com\phong\it\entity\Order.java
[ERROR]     file does not contain class com.phong.it.entity.Order
[ERROR]     Please remove or make sure it appears in the correct subdirectory of the sourcepath.
[ERROR] /E:/Project/e-commerce/e-commerce-api/src/main/java/com/phong/it/mapper/PaymentMapper.java:[9,27] cannot access com.phong.it.entity.Payment
[ERROR]   bad source file: E:\Project\e-commerce\e-commerce-api\src\main\java\com\phong\it\entity\Payment.java
[ERROR]     file does not contain class com.phong.it.entity.Payment
[ERROR]     Please remove or make sure it appears in the correct subdirectory of the sourcepath.
[ERROR] /E:/Project/e-commerce/e-commerce-api/src/main/java/com/phong/it/mapper/ProductImageMapper.java:[8,27] cannot access com.phong.it.entity.ProductImage
[ERROR]   bad source file: E:\Project\e-commerce\e-commerce-api\src\main\java\com\phong\it\entity\ProductImage.java
[ERROR]     file does not contain class com.phong.it.entity.ProductImage
[ERROR]     Please remove or make sure it appears in the correct subdirectory of the sourcepath.
[ERROR] /E:/Project/e-commerce/e-commerce-api/src/main/java/com/phong/it/mapper/ProductMapper.java:[9,27] cannot access com.phong.it.entity.Product
[ERROR]   bad source file: E:\Project\e-commerce\e-commerce-api\src\main\java\com\phong\it\entity\Product.java
[ERROR]     file does not contain class com.phong.it.entity.Product
[ERROR]     Please remove or make sure it appears in the correct subdirectory of the sourcepath.
[ERROR] /E:/Project/e-commerce/e-commerce-api/src/main/java/com/phong/it/mapper/ProductVariantMapper.java:[8,27] cannot access com.phong.it.entity.ProductVariant
[ERROR]   bad source file: E:\Project\e-commerce\e-commerce-api\src\main\java\com\phong\it\entity\ProductVariant.java
[ERROR]     file does not contain class com.phong.it.entity.ProductVariant
[ERROR]     Please remove or make sure it appears in the correct subdirectory of the sourcepath.
[ERROR] /E:/Project/e-commerce/e-commerce-api/src/main/java/com/phong/it/mapper/RefreshTokenMapper.java:[9,27] cannot access com.phong.it.entity.RefreshToken
[ERROR]   bad source file: E:\Project\e-commerce\e-commerce-api\src\main\java\com\phong\it\entity\RefreshToken.java
[ERROR]     file does not contain class com.phong.it.entity.RefreshToken
[ERROR]     Please remove or make sure it appears in the correct subdirectory of the sourcepath.
[ERROR] /E:/Project/e-commerce/e-commerce-api/src/main/java/com/phong/it/mapper/ReviewMapper.java:[9,27] cannot access com.phong.it.entity.Review
[ERROR]   bad source file: E:\Project\e-commerce\e-commerce-api\src\main\java\com\phong\it\entity\Review.java
[ERROR]     file does not contain class com.phong.it.entity.Review
[ERROR]     Please remove or make sure it appears in the correct subdirectory of the sourcepath.
[ERROR] /E:/Project/e-commerce/e-commerce-api/src/main/java/com/phong/it/mapper/RoleMapper.java:[8,27] cannot access com.phong.it.entity.Role
[ERROR]   bad source file: E:\Project\e-commerce\e-commerce-api\src\main\java\com\phong\it\entity\Role.java
[ERROR]     file does not contain class com.phong.it.entity.Role
[ERROR]     Please remove or make sure it appears in the correct subdirectory of the sourcepath.
[ERROR] /E:/Project/e-commerce/e-commerce-api/src/main/java/com/phong/it/mapper/StockMovementMapper.java:[9,27] cannot access com.phong.it.entity.StockMovement
[ERROR]   bad source file: E:\Project\e-commerce\e-commerce-api\src\main\java\com\phong\it\entity\StockMovement.java
[ERROR]     file does not contain class com.phong.it.entity.StockMovement
[ERROR]     Please remove or make sure it appears in the correct subdirectory of the sourcepath.
[ERROR] /E:/Project/e-commerce/e-commerce-api/src/main/java/com/phong/it/mapper/SupplierMapper.java:[9,27] cannot access com.phong.it.entity.Supplier
[ERROR]   bad source file: E:\Project\e-commerce\e-commerce-api\src\main\java\com\phong\it\entity\Supplier.java
[ERROR]     file does not contain class com.phong.it.entity.Supplier
[ERROR]     Please remove or make sure it appears in the correct subdirectory of the sourcepath.
[ERROR] /E:/Project/e-commerce/e-commerce-api/src/main/java/com/phong/it/mapper/UserMapper.java:[9,27] cannot access com.phong.it.entity.User
[ERROR]   bad source file: E:\Project\e-commerce\e-commerce-api\src\main\java\com\phong\it\entity\User.java
[ERROR]     file does not contain class com.phong.it.entity.User
[ERROR]     Please remove or make sure it appears in the correct subdirectory of the sourcepath.
[ERROR] /E:/Project/e-commerce/e-commerce-api/src/main/java/com/phong/it/mapper/WishlistMapper.java:[9,27] cannot access com.phong.it.entity.Wishlist
[ERROR]   bad source file: E:\Project\e-commerce\e-commerce-api\src\main\java\com\phong\it\entity\Wishlist.java
[ERROR]     file does not contain class com.phong.it.entity.Wishlist
[ERROR]     Please remove or make sure it appears in the correct subdirectory of the sourcepath.
[ERROR] /E:/Project/e-commerce/e-commerce-api/src/main/java/com/phong/it/dto/request/OrderRequestDTO.java:[36,5] cannot find symbol
[ERROR]   symbol:   class PaymentMethod
[ERROR]   location: class com.phong.it.dto.request.OrderRequestDTO
[ERROR] /E:/Project/e-commerce/e-commerce-api/src/main/java/com/phong/it/dto/request/StockMovementRequestDTO.java:[14,5] cannot find symbol
[ERROR]   symbol:   class MovementType
[ERROR]   location: class com.phong.it.dto.request.StockMovementRequestDTO
[ERROR] /E:/Project/e-commerce/e-commerce-api/src/main/java/com/phong/it/dto/response/OrderResponseDTO.java:[13,5] cannot find symbol
[ERROR]   symbol:   class OrderStatus
[ERROR]   location: class com.phong.it.dto.response.OrderResponseDTO
[ERROR] /E:/Project/e-commerce/e-commerce-api/src/main/java/com/phong/it/dto/response/OrderResponseDTO.java:[23,5] cannot find symbol
[ERROR]   symbol:   class PaymentMethod
[ERROR]   location: class com.phong.it.dto.response.OrderResponseDTO
[ERROR] /E:/Project/e-commerce/e-commerce-api/src/main/java/com/phong/it/dto/response/PaymentResponseDTO.java:[13,5] cannot find symbol
[ERROR]   symbol:   class PaymentStatus
[ERROR]   location: class com.phong.it.dto.response.PaymentResponseDTO
[ERROR] /E:/Project/e-commerce/e-commerce-api/src/main/java/com/phong/it/dto/response/StockMovementResponseDTO.java:[11,5] cannot find symbol
[ERROR]   symbol:   class MovementType
[ERROR]   location: class com.phong.it.dto.response.StockMovementResponseDTO
[ERROR] /E:/Project/e-commerce/e-commerce-api/src/main/java/com/phong/it/mapper/AddressMapper.java:[15,30] cannot find symbol
[ERROR]   symbol:   class Address
[ERROR]   location: interface com.phong.it.mapper.AddressMapper
[ERROR] /E:/Project/e-commerce/e-commerce-api/src/main/java/com/phong/it/mapper/AddressMapper.java:[19,5] cannot find symbol
[ERROR]   symbol:   class Address
[ERROR]   location: interface com.phong.it.mapper.AddressMapper
[ERROR] /E:/Project/e-commerce/e-commerce-api/src/main/java/com/phong/it/mapper/CartItemMapper.java:[18,31] cannot find symbol
[ERROR]   symbol:   class CartItem
[ERROR]   location: interface com.phong.it.mapper.CartItemMapper
[ERROR] /E:/Project/e-commerce/e-commerce-api/src/main/java/com/phong/it/mapper/CartMapper.java:[18,27] cannot find symbol
[ERROR]   symbol:   class Cart
[ERROR]   location: interface com.phong.it.mapper.CartMapper
[ERROR] /E:/Project/e-commerce/e-commerce-api/src/main/java/com/phong/it/mapper/CategoryMapper.java:[21,31] cannot find symbol
[ERROR]   symbol:   class Category
[ERROR]   location: interface com.phong.it.mapper.CategoryMapper
[ERROR] /E:/Project/e-commerce/e-commerce-api/src/main/java/com/phong/it/mapper/CategoryMapper.java:[27,5] cannot find symbol
[ERROR]   symbol:   class Category
[ERROR]   location: interface com.phong.it.mapper.CategoryMapper
[ERROR] /E:/Project/e-commerce/e-commerce-api/src/main/java/com/phong/it/mapper/CategoryMapper.java:[30,41] cannot find symbol
[ERROR]   symbol:   class Category
[ERROR]   location: interface com.phong.it.mapper.CategoryMapper
[ERROR] /E:/Project/e-commerce/e-commerce-api/src/main/java/com/phong/it/mapper/CouponMapper.java:[14,29] cannot find symbol
[ERROR]   symbol:   class Coupon
[ERROR]   location: interface com.phong.it.mapper.CouponMapper
[ERROR] /E:/Project/e-commerce/e-commerce-api/src/main/java/com/phong/it/mapper/CouponMapper.java:[18,5] cannot find symbol
[ERROR]   symbol:   class Coupon
[ERROR]   location: interface com.phong.it.mapper.CouponMapper
[ERROR] /E:/Project/e-commerce/e-commerce-api/src/main/java/com/phong/it/mapper/OrderItemMapper.java:[17,40] cannot find symbol
[ERROR]   symbol:   class OrderItem
[ERROR]   location: interface com.phong.it.mapper.OrderItemMapper
[ERROR] /E:/Project/e-commerce/e-commerce-api/src/main/java/com/phong/it/mapper/OrderItemMapper.java:[20,5] cannot find symbol
[ERROR]   symbol:   class OrderItem
[ERROR]   location: interface com.phong.it.mapper.OrderItemMapper
[ERROR] /E:/Project/e-commerce/e-commerce-api/src/main/java/com/phong/it/mapper/OrderMapper.java:[19,36] cannot find symbol
[ERROR]   symbol:   class Order
[ERROR]   location: interface com.phong.it.mapper.OrderMapper
[ERROR] /E:/Project/e-commerce/e-commerce-api/src/main/java/com/phong/it/mapper/OrderMapper.java:[22,5] cannot find symbol
[ERROR]   symbol:   class Order
[ERROR]   location: interface com.phong.it.mapper.OrderMapper
[ERROR] /E:/Project/e-commerce/e-commerce-api/src/main/java/com/phong/it/mapper/PaymentMapper.java:[15,30] cannot find symbol
[ERROR]   symbol:   class Payment
[ERROR]   location: interface com.phong.it.mapper.PaymentMapper
[ERROR] /E:/Project/e-commerce/e-commerce-api/src/main/java/com/phong/it/mapper/PaymentMapper.java:[20,5] cannot find symbol
[ERROR]   symbol:   class Payment
[ERROR]   location: interface com.phong.it.mapper.PaymentMapper
[ERROR] /E:/Project/e-commerce/e-commerce-api/src/main/java/com/phong/it/mapper/ProductImageMapper.java:[14,43] cannot find symbol
[ERROR]   symbol:   class ProductImage
[ERROR]   location: interface com.phong.it.mapper.ProductImageMapper
[ERROR] /E:/Project/e-commerce/e-commerce-api/src/main/java/com/phong/it/mapper/ProductMapper.java:[22,38] cannot find symbol
[ERROR]   symbol:   class Product
[ERROR]   location: interface com.phong.it.mapper.ProductMapper
[ERROR] /E:/Project/e-commerce/e-commerce-api/src/main/java/com/phong/it/mapper/ProductMapper.java:[26,5] cannot find symbol
[ERROR]   symbol:   class Product
[ERROR]   location: interface com.phong.it.mapper.ProductMapper
[ERROR] /E:/Project/e-commerce/e-commerce-api/src/main/java/com/phong/it/mapper/ProductVariantMapper.java:[14,45] cannot find symbol
[ERROR]   symbol:   class ProductVariant
[ERROR]   location: interface com.phong.it.mapper.ProductVariantMapper
[ERROR] /E:/Project/e-commerce/e-commerce-api/src/main/java/com/phong/it/mapper/RefreshTokenMapper.java:[14,36] cannot find symbol
[ERROR]   symbol:   class RefreshToken
[ERROR]   location: interface com.phong.it.mapper.RefreshTokenMapper
[ERROR] /E:/Project/e-commerce/e-commerce-api/src/main/java/com/phong/it/mapper/RefreshTokenMapper.java:[18,5] cannot find symbol
[ERROR]   symbol:   class RefreshToken
[ERROR]   location: interface com.phong.it.mapper.RefreshTokenMapper
[ERROR] /E:/Project/e-commerce/e-commerce-api/src/main/java/com/phong/it/mapper/ReviewMapper.java:[16,37] cannot find symbol
[ERROR]   symbol:   class Review
[ERROR]   location: interface com.phong.it.mapper.ReviewMapper
[ERROR] /E:/Project/e-commerce/e-commerce-api/src/main/java/com/phong/it/mapper/ReviewMapper.java:[19,5] cannot find symbol
[ERROR]   symbol:   class Review
[ERROR]   location: interface com.phong.it.mapper.ReviewMapper
[ERROR] /E:/Project/e-commerce/e-commerce-api/src/main/java/com/phong/it/mapper/RoleMapper.java:[13,35] cannot find symbol
[ERROR]   symbol:   class Role
[ERROR]   location: interface com.phong.it.mapper.RoleMapper
[ERROR] /E:/Project/e-commerce/e-commerce-api/src/main/java/com/phong/it/mapper/RoleMapper.java:[15,5] cannot find symbol
[ERROR]   symbol:   class Role
[ERROR]   location: interface com.phong.it.mapper.RoleMapper
[ERROR] /E:/Project/e-commerce/e-commerce-api/src/main/java/com/phong/it/mapper/StockMovementMapper.java:[16,36] cannot find symbol
[ERROR]   symbol:   class StockMovement
[ERROR]   location: interface com.phong.it.mapper.StockMovementMapper
[ERROR] /E:/Project/e-commerce/e-commerce-api/src/main/java/com/phong/it/mapper/StockMovementMapper.java:[21,5] cannot find symbol
[ERROR]   symbol:   class StockMovement
[ERROR]   location: interface com.phong.it.mapper.StockMovementMapper
[ERROR] /E:/Project/e-commerce/e-commerce-api/src/main/java/com/phong/it/mapper/SupplierMapper.java:[14,31] cannot find symbol
[ERROR]   symbol:   class Supplier
[ERROR]   location: interface com.phong.it.mapper.SupplierMapper
[ERROR] /E:/Project/e-commerce/e-commerce-api/src/main/java/com/phong/it/mapper/SupplierMapper.java:[18,5] cannot find symbol
[ERROR]   symbol:   class Supplier
[ERROR]   location: interface com.phong.it.mapper.SupplierMapper
[ERROR] /E:/Project/e-commerce/e-commerce-api/src/main/java/com/phong/it/mapper/UserMapper.java:[15,35] cannot find symbol
[ERROR]   symbol:   class User
[ERROR]   location: interface com.phong.it.mapper.UserMapper
[ERROR] /E:/Project/e-commerce/e-commerce-api/src/main/java/com/phong/it/mapper/UserMapper.java:[19,5] cannot find symbol
[ERROR]   symbol:   class User
[ERROR]   location: interface com.phong.it.mapper.UserMapper
[ERROR] /E:/Project/e-commerce/e-commerce-api/src/main/java/com/phong/it/mapper/UserMapper.java:[22,36] cannot find symbol
[ERROR]   symbol:   class Role
[ERROR]   location: interface com.phong.it.mapper.UserMapper
[ERROR] /E:/Project/e-commerce/e-commerce-api/src/main/java/com/phong/it/mapper/WishlistMapper.java:[18,39] cannot find symbol
[ERROR]   symbol:   class Wishlist
[ERROR]   location: interface com.phong.it.mapper.WishlistMapper
[ERROR] /E:/Project/e-commerce/e-commerce-api/src/main/java/com/phong/it/mapper/WishlistMapper.java:[23,5] cannot find symbol
[ERROR]   symbol:   class Wishlist
[ERROR]   location: interface com.phong.it.mapper.WishlistMapper
[ERROR] /E:/Project/e-commerce/e-commerce-api/src/main/java/com/phong/it/repository/RoleRepository.java:[8,58] cannot find symbol
[ERROR]   symbol: class Role
[ERROR] /E:/Project/e-commerce/e-commerce-api/src/main/java/com/phong/it/repository/RoleRepository.java:[10,12] cannot find symbol
[ERROR]   symbol:   class Role
[ERROR]   location: class com.phong.it.repository.RoleRepository
[ERROR] /E:/Project/e-commerce/e-commerce-api/src/main/java/com/phong/it/repository/UserRepository.java:[11,58] cannot find symbol
[ERROR]   symbol: class User
[ERROR] /E:/Project/e-commerce/e-commerce-api/src/main/java/com/phong/it/repository/UserRepository.java:[14,12] cannot find symbol
[ERROR]   symbol:   class User
[ERROR]   location: class com.phong.it.repository.UserRepository
[ERROR] /E:/Project/e-commerce/e-commerce-api/src/main/java/com/phong/it/repository/UserRepository.java:[19,12] cannot find symbol
[ERROR]   symbol:   class User
[ERROR]   location: class com.phong.it.repository.UserRepository
[ERROR] /E:/Project/e-commerce/e-commerce-api/src/main/java/com/phong/it/mapper/CategoryMapper.java:[35,22] cannot find symbol
[ERROR]   symbol:   variable Category
[ERROR]   location: interface com.phong.it.mapper.CategoryMapper
[ERROR] /E:/Project/e-commerce/e-commerce-api/src/main/java/com/phong/it/repository/RoleRepository.java:[8,8] types io.quarkus.hibernate.orm.panache.PanacheRepositoryBase<Entity,Id> and io.quarkus.hibernate.orm.panache.PanacheRepositoryBase<Entity,Id> are incompatible;
[ERROR]   class com.phong.it.repository.RoleRepository inherits unrelated defaults for persist(java.util.stream.Stream<Role>) from types io.quarkus.hibernate.orm.panache.PanacheRepositoryBase and io.quarkus.hibernate.orm.panache.PanacheRepositoryBase
[ERROR] /E:/Project/e-commerce/e-commerce-api/src/main/java/com/phong/it/repository/UserRepository.java:[11,8] types io.quarkus.hibernate.orm.panache.PanacheRepositoryBase<Entity,Id> and io.quarkus.hibernate.orm.panache.PanacheRepositoryBase<Entity,Id> are incompatible;
[ERROR]   class com.phong.it.repository.UserRepository inherits unrelated defaults for persist(java.util.stream.Stream<User>) from types io.quarkus.hibernate.orm.panache.PanacheRepositoryBase and io.quarkus.hibernate.orm.panache.PanacheRepositoryBase
[ERROR] /E:/Project/e-commerce/e-commerce-api/src/main/java/com/phong/it/service/impl/RoleServiceImpl.java:[36,9] cannot find symbol
[ERROR]   symbol:   class Role
[ERROR]   location: class com.phong.it.service.impl.RoleServiceImpl
[ERROR] /E:/Project/e-commerce/e-commerce-api/src/main/java/com/phong/it/service/impl/RoleServiceImpl.java:[46,25] incompatible types: inference variable T has incompatible bounds
[ERROR]     equality constraints: com.phong.it.dto.response.RoleResponseDTO
[ERROR]     lower bounds: java.lang.Object
[ERROR] /E:/Project/e-commerce/e-commerce-api/src/main/java/com/phong/it/service/impl/RoleServiceImpl.java:[51,9] cannot find symbol
[ERROR]   symbol:   class Role
[ERROR]   location: class com.phong.it.service.impl.RoleServiceImpl
[ERROR] /E:/Project/e-commerce/e-commerce-api/src/main/java/com/phong/it/service/impl/RoleServiceImpl.java:[59,9] cannot find symbol
[ERROR]   symbol:   class Role
[ERROR]   location: class com.phong.it.service.impl.RoleServiceImpl
[ERROR] /E:/Project/e-commerce/e-commerce-api/src/main/java/com/phong/it/service/impl/RoleServiceImpl.java:[77,9] cannot find symbol
[ERROR]   symbol:   class Role
[ERROR]   location: class com.phong.it.service.impl.RoleServiceImpl
[ERROR] /E:/Project/e-commerce/e-commerce-api/src/main/java/com/phong/it/service/impl/UserServiceImpl.java:[38,22] cannot find symbol
[ERROR]   symbol:   class User
[ERROR]   location: class com.phong.it.service.impl.UserServiceImpl
[ERROR] /E:/Project/e-commerce/e-commerce-api/src/main/java/com/phong/it/service/impl/UserServiceImpl.java:[41,25] incompatible types: inference variable T has incompatible bounds
[ERROR]     equality constraints: com.phong.it.dto.response.UserResponseDTO
[ERROR]     lower bounds: java.lang.Object
[ERROR] /E:/Project/e-commerce/e-commerce-api/src/main/java/com/phong/it/service/impl/UserServiceImpl.java:[46,9] cannot find symbol
[ERROR]   symbol:   class User
[ERROR]   location: class com.phong.it.service.impl.UserServiceImpl
[ERROR] /E:/Project/e-commerce/e-commerce-api/src/main/java/com/phong/it/service/impl/UserServiceImpl.java:[70,9] cannot find symbol
[ERROR]   symbol:   class User
[ERROR]   location: class com.phong.it.service.impl.UserServiceImpl
[ERROR] /E:/Project/e-commerce/e-commerce-api/src/main/java/com/phong/it/service/impl/UserServiceImpl.java:[76,9] cannot find symbol
[ERROR]   symbol:   class Role
[ERROR]   location: class com.phong.it.service.impl.UserServiceImpl
[ERROR] /E:/Project/e-commerce/e-commerce-api/src/main/java/com/phong/it/service/impl/UserServiceImpl.java:[84,9] cannot find symbol
[ERROR]   symbol:   class Cart
[ERROR]   location: class com.phong.it.service.impl.UserServiceImpl
[ERROR] /E:/Project/e-commerce/e-commerce-api/src/main/java/com/phong/it/service/impl/UserServiceImpl.java:[84,25] cannot find symbol
[ERROR]   symbol:   class Cart
[ERROR]   location: class com.phong.it.service.impl.UserServiceImpl
[ERROR] /E:/Project/e-commerce/e-commerce-api/src/main/java/com/phong/it/service/impl/UserServiceImpl.java:[97,9] cannot find symbol
[ERROR]   symbol:   class User
[ERROR]   location: class com.phong.it.service.impl.UserServiceImpl
[ERROR] /E:/Project/e-commerce/e-commerce-api/src/main/java/com/phong/it/service/impl/UserServiceImpl.java:[134,9] cannot find symbol
[ERROR]   symbol:   class User
[ERROR]   location: class com.phong.it.service.impl.UserServiceImpl
[ERROR] -> [Help 1]
[ERROR] 
[ERROR] To see the full stack trace of the errors, re-run Maven with the -e switch.
[ERROR] Re-run Maven using the -X switch to enable full debug logging.
[ERROR] 
[ERROR] For more information about the errors and possible solutions, please read the following articles:
[ERROR] [Help 1] http://cwiki.apache.org/confluence/display/MAVEN/MojoFailureException
